{
  "id": 1,
  "created_at": "2023-07-07T14:11:53.265963+09:00",
  "status": "todo",
  "title": "Implement a handler"
}